---
http_interactions:
- request:
    method: get
    uri: http://waterservices.usgs.gov/nwis/iv?format=json&period=P1D&site=01646500
    body:
      encoding: US-ASCII
      string: ''
    headers:
      User-Agent:
      - Faraday v0.12.2
      Accept-Encoding:
      - gzip;q=1.0,deflate;q=0.6,identity;q=0.3
      Accept:
      - "*/*"
  response:
    status:
      code: 301
      message: Moved Permanently
    headers:
      Date:
      - Thu, 12 Apr 2018 23:42:34 GMT
      Server:
      - Apache
      Strict-Transport-Security:
      - max-age=31536000
      Location:
      - https://waterservices.usgs.gov/nwis/iv?format=json&period=P1D&site=01646500
      Content-Length:
      - '291'
      Content-Type:
      - text/html; charset=iso-8859-1
    body:
      encoding: UTF-8
      string: |
        <!DOCTYPE HTML PUBLIC "-//IETF//DTD HTML 2.0//EN">
        <html><head>
        <title>301 Moved Permanently</title>
        </head><body>
        <h1>Moved Permanently</h1>
        <p>The document has moved <a href="https://waterservices.usgs.gov/nwis/iv?format=json&amp;period=P1D&amp;site=01646500">here</a>.</p>
        </body></html>
    http_version: 
  recorded_at: Thu, 12 Apr 2018 23:42:32 GMT
- request:
    method: get
    uri: https://waterservices.usgs.gov/nwis/iv?format=json&period=P1D&site=01646500
    body:
      encoding: US-ASCII
      string: ''
    headers:
      User-Agent:
      - Faraday v0.12.2
      Accept-Encoding:
      - gzip;q=1.0,deflate;q=0.6,identity;q=0.3
      Accept:
      - "*/*"
  response:
    status:
      code: 301
      message: Moved Permanently
    headers:
      Date:
      - Thu, 12 Apr 2018 23:42:33 GMT
      Server:
      - GlassFish Server Open Source Edition  4.1
      Strict-Transport-Security:
      - max-age=31536000
      Location:
      - https://waterservices.usgs.gov/nwis/iv/?format=json&period=P1D&site=01646500
      Content-Language:
      - en-US
      Content-Type:
      - text/html;charset=ISO-8859-1
      Content-Length:
      - '225'
      X-Ua-Compatible:
      - IE=edge,chrome=1
      Access-Control-Allow-Origin:
      - "*"
    body:
      encoding: UTF-8
      string: "<html>\r\n<head><title>Document moved</title></head>\r\n<body><h1>Document
        moved</h1>\r\nThis document has moved <a href=\"http://127.0.0.1:8080/nwis/iv/?format=json&amp;period=P1D&amp;site=01646500\">here</a>.<p>\r\n</body>\r\n</html>\r\n"
    http_version: 
  recorded_at: Thu, 12 Apr 2018 23:42:33 GMT
- request:
    method: get
    uri: https://waterservices.usgs.gov/nwis/iv/?format=json&period=P1D&site=01646500
    body:
      encoding: US-ASCII
      string: ''
    headers:
      User-Agent:
      - Faraday v0.12.2
      Accept-Encoding:
      - gzip;q=1.0,deflate;q=0.6,identity;q=0.3
      Accept:
      - "*/*"
  response:
    status:
      code: 200
      message: OK
    headers:
      Date:
      - Thu, 12 Apr 2018 23:42:33 GMT
      Server:
      - GlassFish Server Open Source Edition  4.1
      Strict-Transport-Security:
      - max-age=31536000
      Vary:
      - Accept-Encoding
      Content-Type:
      - application/json
      X-Ua-Compatible:
      - IE=edge,chrome=1
      Access-Control-Allow-Origin:
      - "*"
      Transfer-Encoding:
      - chunked
    body:
      encoding: ASCII-8BIT
      string: '{"name":"ns1:timeSeriesResponseType","declaredType":"org.cuahsi.waterml.TimeSeriesResponseType","scope":"javax.xml.bind.JAXBElement$GlobalScope","value":{"queryInfo":{"queryURL":"http://waterservices.usgs.gov/nwis/iv/format=json&period=P1D&site=01646500","criteria":{"locationParam":"[ALL:01646500]","variableParam":"ALL","parameter":[]},"note":[{"value":"[ALL:01646500]","title":"filter:sites"},{"value":"[mode=PERIOD,
        period=P1D, modifiedSince=null]","title":"filter:timeRange"},{"value":"methodIds=[ALL]","title":"filter:methodId"},{"value":"2018-04-12T23:42:34.836Z","title":"requestDT"},{"value":"2ce53a30-3eab-11e8-8653-6cae8b6642f6","title":"requestId"},{"value":"Provisional
        data are subject to revision. Go to http://waterdata.usgs.gov/nwis/help/?provisional
        for more information.","title":"disclaimer"},{"value":"caas01","title":"server"}]},"timeSeries":[{"sourceInfo":{"siteName":"POTOMAC
        RIVER NEAR WASH, DC LITTLE FALLS PUMP STA","siteCode":[{"value":"01646500","network":"NWIS","agencyCode":"USGS"}],"timeZoneInfo":{"defaultTimeZone":{"zoneOffset":"-05:00","zoneAbbreviation":"EST"},"daylightSavingsTimeZone":{"zoneOffset":"-04:00","zoneAbbreviation":"EDT"},"siteUsesDaylightSavingsTime":false},"geoLocation":{"geogLocation":{"srs":"EPSG:4326","latitude":38.94977778,"longitude":-77.12763889},"localSiteXY":[]},"note":[],"siteType":[],"siteProperty":[{"value":"ST","name":"siteTypeCd"},{"value":"02070008","name":"hucCd"},{"value":"24","name":"stateCd"},{"value":"24031","name":"countyCd"}]},"variable":{"variableCode":[{"value":"00010","network":"NWIS","vocabulary":"NWIS:UnitValues","variableID":45807042,"default":true}],"variableName":"Temperature,
        water, &#176;C","variableDescription":"Temperature, water, degrees Celsius","valueType":"Derived
        Value","unit":{"unitCode":"deg C"},"options":{"option":[{"name":"Statistic","optionCode":"00000"}]},"note":[],"noDataValue":-999999.0,"variableProperty":[],"oid":"45807042"},"values":[{"value":[{"value":"10.4","qualifiers":["P"],"dateTime":"2018-04-11T18:45:00.000-05:00"},{"value":"10.3","qualifiers":["P"],"dateTime":"2018-04-11T19:00:00.000-05:00"},{"value":"10.3","qualifiers":["P"],"dateTime":"2018-04-11T19:15:00.000-05:00"},{"value":"10.3","qualifiers":["P"],"dateTime":"2018-04-11T19:30:00.000-05:00"},{"value":"10.2","qualifiers":["P"],"dateTime":"2018-04-11T19:45:00.000-05:00"},{"value":"10.2","qualifiers":["P"],"dateTime":"2018-04-11T20:00:00.000-05:00"},{"value":"10.1","qualifiers":["P"],"dateTime":"2018-04-11T20:15:00.000-05:00"},{"value":"10.1","qualifiers":["P"],"dateTime":"2018-04-11T20:30:00.000-05:00"},{"value":"10.1","qualifiers":["P"],"dateTime":"2018-04-11T20:45:00.000-05:00"},{"value":"10.1","qualifiers":["P"],"dateTime":"2018-04-11T21:00:00.000-05:00"},{"value":"10.1","qualifiers":["P"],"dateTime":"2018-04-11T21:15:00.000-05:00"},{"value":"10.1","qualifiers":["P"],"dateTime":"2018-04-11T21:30:00.000-05:00"},{"value":"10.0","qualifiers":["P"],"dateTime":"2018-04-11T21:45:00.000-05:00"},{"value":"10.0","qualifiers":["P"],"dateTime":"2018-04-11T22:00:00.000-05:00"},{"value":"10.0","qualifiers":["P"],"dateTime":"2018-04-11T22:15:00.000-05:00"},{"value":"10.0","qualifiers":["P"],"dateTime":"2018-04-11T22:30:00.000-05:00"},{"value":"10.0","qualifiers":["P"],"dateTime":"2018-04-11T22:45:00.000-05:00"},{"value":"10.0","qualifiers":["P"],"dateTime":"2018-04-11T23:00:00.000-05:00"},{"value":"10.0","qualifiers":["P"],"dateTime":"2018-04-11T23:15:00.000-05:00"},{"value":"10.1","qualifiers":["P"],"dateTime":"2018-04-11T23:30:00.000-05:00"},{"value":"10.1","qualifiers":["P"],"dateTime":"2018-04-11T23:45:00.000-05:00"},{"value":"10.1","qualifiers":["P"],"dateTime":"2018-04-12T00:00:00.000-05:00"},{"value":"10.1","qualifiers":["P"],"dateTime":"2018-04-12T00:15:00.000-05:00"},{"value":"10.1","qualifiers":["P"],"dateTime":"2018-04-12T00:30:00.000-05:00"},{"value":"10.1","qualifiers":["P"],"dateTime":"2018-04-12T00:45:00.000-05:00"},{"value":"10.2","qualifiers":["P"],"dateTime":"2018-04-12T01:00:00.000-05:00"},{"value":"10.2","qualifiers":["P"],"dateTime":"2018-04-12T01:15:00.000-05:00"},{"value":"10.2","qualifiers":["P"],"dateTime":"2018-04-12T01:30:00.000-05:00"},{"value":"10.2","qualifiers":["P"],"dateTime":"2018-04-12T01:45:00.000-05:00"},{"value":"10.2","qualifiers":["P"],"dateTime":"2018-04-12T02:00:00.000-05:00"},{"value":"10.3","qualifiers":["P"],"dateTime":"2018-04-12T02:15:00.000-05:00"},{"value":"10.3","qualifiers":["P"],"dateTime":"2018-04-12T02:30:00.000-05:00"},{"value":"10.3","qualifiers":["P"],"dateTime":"2018-04-12T02:45:00.000-05:00"},{"value":"10.3","qualifiers":["P"],"dateTime":"2018-04-12T03:00:00.000-05:00"},{"value":"10.3","qualifiers":["P"],"dateTime":"2018-04-12T03:15:00.000-05:00"},{"value":"10.3","qualifiers":["P"],"dateTime":"2018-04-12T03:30:00.000-05:00"},{"value":"10.3","qualifiers":["P"],"dateTime":"2018-04-12T03:45:00.000-05:00"},{"value":"10.2","qualifiers":["P"],"dateTime":"2018-04-12T04:00:00.000-05:00"},{"value":"10.3","qualifiers":["P"],"dateTime":"2018-04-12T04:15:00.000-05:00"},{"value":"10.3","qualifiers":["P"],"dateTime":"2018-04-12T04:30:00.000-05:00"},{"value":"10.3","qualifiers":["P"],"dateTime":"2018-04-12T04:45:00.000-05:00"},{"value":"10.3","qualifiers":["P"],"dateTime":"2018-04-12T05:00:00.000-05:00"},{"value":"10.3","qualifiers":["P"],"dateTime":"2018-04-12T05:15:00.000-05:00"},{"value":"10.3","qualifiers":["P"],"dateTime":"2018-04-12T05:30:00.000-05:00"},{"value":"10.3","qualifiers":["P"],"dateTime":"2018-04-12T05:45:00.000-05:00"},{"value":"10.3","qualifiers":["P"],"dateTime":"2018-04-12T06:00:00.000-05:00"},{"value":"10.3","qualifiers":["P"],"dateTime":"2018-04-12T06:15:00.000-05:00"},{"value":"10.2","qualifiers":["P"],"dateTime":"2018-04-12T06:30:00.000-05:00"},{"value":"10.3","qualifiers":["P"],"dateTime":"2018-04-12T06:45:00.000-05:00"},{"value":"10.3","qualifiers":["P"],"dateTime":"2018-04-12T07:00:00.000-05:00"},{"value":"10.2","qualifiers":["P"],"dateTime":"2018-04-12T07:15:00.000-05:00"},{"value":"10.3","qualifiers":["P"],"dateTime":"2018-04-12T07:30:00.000-05:00"},{"value":"10.3","qualifiers":["P"],"dateTime":"2018-04-12T07:45:00.000-05:00"},{"value":"10.2","qualifiers":["P"],"dateTime":"2018-04-12T08:00:00.000-05:00"},{"value":"10.3","qualifiers":["P"],"dateTime":"2018-04-12T08:15:00.000-05:00"},{"value":"10.3","qualifiers":["P"],"dateTime":"2018-04-12T08:30:00.000-05:00"},{"value":"10.3","qualifiers":["P"],"dateTime":"2018-04-12T08:45:00.000-05:00"},{"value":"10.3","qualifiers":["P"],"dateTime":"2018-04-12T09:00:00.000-05:00"},{"value":"10.3","qualifiers":["P"],"dateTime":"2018-04-12T09:15:00.000-05:00"},{"value":"10.4","qualifiers":["P"],"dateTime":"2018-04-12T09:30:00.000-05:00"},{"value":"10.3","qualifiers":["P"],"dateTime":"2018-04-12T09:45:00.000-05:00"},{"value":"10.4","qualifiers":["P"],"dateTime":"2018-04-12T10:00:00.000-05:00"},{"value":"10.3","qualifiers":["P"],"dateTime":"2018-04-12T10:15:00.000-05:00"},{"value":"10.3","qualifiers":["P"],"dateTime":"2018-04-12T10:30:00.000-05:00"},{"value":"10.3","qualifiers":["P"],"dateTime":"2018-04-12T10:45:00.000-05:00"},{"value":"10.4","qualifiers":["P"],"dateTime":"2018-04-12T11:00:00.000-05:00"},{"value":"10.5","qualifiers":["P"],"dateTime":"2018-04-12T11:15:00.000-05:00"},{"value":"10.5","qualifiers":["P"],"dateTime":"2018-04-12T11:30:00.000-05:00"},{"value":"10.6","qualifiers":["P"],"dateTime":"2018-04-12T11:45:00.000-05:00"},{"value":"10.7","qualifiers":["P"],"dateTime":"2018-04-12T12:00:00.000-05:00"},{"value":"10.6","qualifiers":["P"],"dateTime":"2018-04-12T12:15:00.000-05:00"},{"value":"10.7","qualifiers":["P"],"dateTime":"2018-04-12T12:30:00.000-05:00"},{"value":"10.8","qualifiers":["P"],"dateTime":"2018-04-12T12:45:00.000-05:00"},{"value":"10.7","qualifiers":["P"],"dateTime":"2018-04-12T13:00:00.000-05:00"},{"value":"10.9","qualifiers":["P"],"dateTime":"2018-04-12T13:15:00.000-05:00"},{"value":"11.0","qualifiers":["P"],"dateTime":"2018-04-12T13:30:00.000-05:00"},{"value":"11.0","qualifiers":["P"],"dateTime":"2018-04-12T13:45:00.000-05:00"},{"value":"11.2","qualifiers":["P"],"dateTime":"2018-04-12T14:00:00.000-05:00"},{"value":"11.2","qualifiers":["P"],"dateTime":"2018-04-12T14:15:00.000-05:00"},{"value":"11.5","qualifiers":["P"],"dateTime":"2018-04-12T14:30:00.000-05:00"},{"value":"11.2","qualifiers":["P"],"dateTime":"2018-04-12T14:45:00.000-05:00"},{"value":"11.3","qualifiers":["P"],"dateTime":"2018-04-12T15:00:00.000-05:00"},{"value":"11.6","qualifiers":["P"],"dateTime":"2018-04-12T15:15:00.000-05:00"},{"value":"11.7","qualifiers":["P"],"dateTime":"2018-04-12T15:30:00.000-05:00"},{"value":"11.8","qualifiers":["P"],"dateTime":"2018-04-12T15:45:00.000-05:00"},{"value":"11.8","qualifiers":["P"],"dateTime":"2018-04-12T16:00:00.000-05:00"},{"value":"11.9","qualifiers":["P"],"dateTime":"2018-04-12T16:15:00.000-05:00"},{"value":"12.0","qualifiers":["P"],"dateTime":"2018-04-12T16:30:00.000-05:00"},{"value":"11.8","qualifiers":["P"],"dateTime":"2018-04-12T16:45:00.000-05:00"},{"value":"11.6","qualifiers":["P"],"dateTime":"2018-04-12T17:00:00.000-05:00"},{"value":"11.9","qualifiers":["P"],"dateTime":"2018-04-12T17:15:00.000-05:00"},{"value":"11.8","qualifiers":["P"],"dateTime":"2018-04-12T17:30:00.000-05:00"},{"value":"11.7","qualifiers":["P"],"dateTime":"2018-04-12T17:45:00.000-05:00"}],"qualifier":[{"qualifierCode":"P","qualifierDescription":"Provisional
        data subject to revision.","qualifierID":0,"network":"NWIS","vocabulary":"uv_rmk_cd"}],"qualityControlLevel":[],"method":[{"methodDescription":"4.1
        ft from riverbed (middle)","methodID":69930}],"source":[],"offset":[],"sample":[],"censorCode":[]},{"value":[{"value":"10.2","qualifiers":["P"],"dateTime":"2018-04-11T18:45:00.000-05:00"},{"value":"10.2","qualifiers":["P"],"dateTime":"2018-04-11T19:00:00.000-05:00"},{"value":"10.2","qualifiers":["P"],"dateTime":"2018-04-11T19:15:00.000-05:00"},{"value":"10.2","qualifiers":["P"],"dateTime":"2018-04-11T19:30:00.000-05:00"},{"value":"10.2","qualifiers":["P"],"dateTime":"2018-04-11T19:45:00.000-05:00"},{"value":"10.1","qualifiers":["P"],"dateTime":"2018-04-11T20:00:00.000-05:00"},{"value":"10.1","qualifiers":["P"],"dateTime":"2018-04-11T20:15:00.000-05:00"},{"value":"10.0","qualifiers":["P"],"dateTime":"2018-04-11T20:30:00.000-05:00"},{"value":"10.0","qualifiers":["P"],"dateTime":"2018-04-11T20:45:00.000-05:00"},{"value":"10.0","qualifiers":["P"],"dateTime":"2018-04-11T21:00:00.000-05:00"},{"value":"10.0","qualifiers":["P"],"dateTime":"2018-04-11T21:15:00.000-05:00"},{"value":"10.0","qualifiers":["P"],"dateTime":"2018-04-11T21:30:00.000-05:00"},{"value":"9.9","qualifiers":["P"],"dateTime":"2018-04-11T21:45:00.000-05:00"},{"value":"9.9","qualifiers":["P"],"dateTime":"2018-04-11T22:00:00.000-05:00"},{"value":"9.9","qualifiers":["P"],"dateTime":"2018-04-11T22:15:00.000-05:00"},{"value":"9.9","qualifiers":["P"],"dateTime":"2018-04-11T22:30:00.000-05:00"},{"value":"10.0","qualifiers":["P"],"dateTime":"2018-04-11T22:45:00.000-05:00"},{"value":"10.0","qualifiers":["P"],"dateTime":"2018-04-11T23:00:00.000-05:00"},{"value":"10.0","qualifiers":["P"],"dateTime":"2018-04-11T23:15:00.000-05:00"},{"value":"10.0","qualifiers":["P"],"dateTime":"2018-04-11T23:30:00.000-05:00"},{"value":"10.0","qualifiers":["P"],"dateTime":"2018-04-11T23:45:00.000-05:00"},{"value":"10.0","qualifiers":["P"],"dateTime":"2018-04-12T00:00:00.000-05:00"},{"value":"10.1","qualifiers":["P"],"dateTime":"2018-04-12T00:15:00.000-05:00"},{"value":"10.1","qualifiers":["P"],"dateTime":"2018-04-12T00:30:00.000-05:00"},{"value":"10.1","qualifiers":["P"],"dateTime":"2018-04-12T00:45:00.000-05:00"},{"value":"10.1","qualifiers":["P"],"dateTime":"2018-04-12T01:00:00.000-05:00"},{"value":"10.1","qualifiers":["P"],"dateTime":"2018-04-12T01:15:00.000-05:00"},{"value":"10.1","qualifiers":["P"],"dateTime":"2018-04-12T01:30:00.000-05:00"},{"value":"10.1","qualifiers":["P"],"dateTime":"2018-04-12T01:45:00.000-05:00"},{"value":"10.2","qualifiers":["P"],"dateTime":"2018-04-12T02:00:00.000-05:00"},{"value":"10.2","qualifiers":["P"],"dateTime":"2018-04-12T02:15:00.000-05:00"},{"value":"10.1","qualifiers":["P"],"dateTime":"2018-04-12T02:30:00.000-05:00"},{"value":"10.2","qualifiers":["P"],"dateTime":"2018-04-12T02:45:00.000-05:00"},{"value":"10.2","qualifiers":["P"],"dateTime":"2018-04-12T03:00:00.000-05:00"},{"value":"10.2","qualifiers":["P"],"dateTime":"2018-04-12T03:15:00.000-05:00"},{"value":"10.1","qualifiers":["P"],"dateTime":"2018-04-12T03:30:00.000-05:00"},{"value":"10.2","qualifiers":["P"],"dateTime":"2018-04-12T03:45:00.000-05:00"},{"value":"10.2","qualifiers":["P"],"dateTime":"2018-04-12T04:00:00.000-05:00"},{"value":"10.2","qualifiers":["P"],"dateTime":"2018-04-12T04:15:00.000-05:00"},{"value":"10.2","qualifiers":["P"],"dateTime":"2018-04-12T04:30:00.000-05:00"},{"value":"10.2","qualifiers":["P"],"dateTime":"2018-04-12T04:45:00.000-05:00"},{"value":"10.2","qualifiers":["P"],"dateTime":"2018-04-12T05:00:00.000-05:00"},{"value":"10.2","qualifiers":["P"],"dateTime":"2018-04-12T05:15:00.000-05:00"},{"value":"10.2","qualifiers":["P"],"dateTime":"2018-04-12T05:30:00.000-05:00"},{"value":"10.2","qualifiers":["P"],"dateTime":"2018-04-12T05:45:00.000-05:00"},{"value":"10.2","qualifiers":["P"],"dateTime":"2018-04-12T06:00:00.000-05:00"},{"value":"10.2","qualifiers":["P"],"dateTime":"2018-04-12T06:15:00.000-05:00"},{"value":"10.2","qualifiers":["P"],"dateTime":"2018-04-12T06:30:00.000-05:00"},{"value":"10.2","qualifiers":["P"],"dateTime":"2018-04-12T06:45:00.000-05:00"},{"value":"10.2","qualifiers":["P"],"dateTime":"2018-04-12T07:00:00.000-05:00"},{"value":"10.2","qualifiers":["P"],"dateTime":"2018-04-12T07:15:00.000-05:00"},{"value":"10.2","qualifiers":["P"],"dateTime":"2018-04-12T07:30:00.000-05:00"},{"value":"10.2","qualifiers":["P"],"dateTime":"2018-04-12T07:45:00.000-05:00"},{"value":"10.2","qualifiers":["P"],"dateTime":"2018-04-12T08:00:00.000-05:00"},{"value":"10.2","qualifiers":["P"],"dateTime":"2018-04-12T08:15:00.000-05:00"},{"value":"10.2","qualifiers":["P"],"dateTime":"2018-04-12T08:30:00.000-05:00"},{"value":"10.3","qualifiers":["P"],"dateTime":"2018-04-12T08:45:00.000-05:00"},{"value":"10.3","qualifiers":["P"],"dateTime":"2018-04-12T09:00:00.000-05:00"},{"value":"10.3","qualifiers":["P"],"dateTime":"2018-04-12T09:15:00.000-05:00"},{"value":"10.3","qualifiers":["P"],"dateTime":"2018-04-12T09:30:00.000-05:00"},{"value":"10.2","qualifiers":["P"],"dateTime":"2018-04-12T09:45:00.000-05:00"},{"value":"10.2","qualifiers":["P"],"dateTime":"2018-04-12T10:00:00.000-05:00"},{"value":"10.2","qualifiers":["P"],"dateTime":"2018-04-12T10:15:00.000-05:00"},{"value":"10.2","qualifiers":["P"],"dateTime":"2018-04-12T10:30:00.000-05:00"},{"value":"10.3","qualifiers":["P"],"dateTime":"2018-04-12T10:45:00.000-05:00"},{"value":"10.4","qualifiers":["P"],"dateTime":"2018-04-12T11:00:00.000-05:00"},{"value":"10.3","qualifiers":["P"],"dateTime":"2018-04-12T11:15:00.000-05:00"},{"value":"10.4","qualifiers":["P"],"dateTime":"2018-04-12T11:30:00.000-05:00"},{"value":"10.5","qualifiers":["P"],"dateTime":"2018-04-12T11:45:00.000-05:00"},{"value":"10.5","qualifiers":["P"],"dateTime":"2018-04-12T12:00:00.000-05:00"},{"value":"10.4","qualifiers":["P"],"dateTime":"2018-04-12T12:15:00.000-05:00"},{"value":"10.4","qualifiers":["P"],"dateTime":"2018-04-12T12:30:00.000-05:00"},{"value":"10.5","qualifiers":["P"],"dateTime":"2018-04-12T12:45:00.000-05:00"},{"value":"10.4","qualifiers":["P"],"dateTime":"2018-04-12T13:00:00.000-05:00"},{"value":"10.6","qualifiers":["P"],"dateTime":"2018-04-12T13:15:00.000-05:00"},{"value":"10.8","qualifiers":["P"],"dateTime":"2018-04-12T13:30:00.000-05:00"},{"value":"10.6","qualifiers":["P"],"dateTime":"2018-04-12T13:45:00.000-05:00"},{"value":"11.1","qualifiers":["P"],"dateTime":"2018-04-12T14:00:00.000-05:00"},{"value":"11.0","qualifiers":["P"],"dateTime":"2018-04-12T14:15:00.000-05:00"},{"value":"11.0","qualifiers":["P"],"dateTime":"2018-04-12T14:30:00.000-05:00"},{"value":"10.8","qualifiers":["P"],"dateTime":"2018-04-12T14:45:00.000-05:00"},{"value":"10.9","qualifiers":["P"],"dateTime":"2018-04-12T15:00:00.000-05:00"},{"value":"11.0","qualifiers":["P"],"dateTime":"2018-04-12T15:15:00.000-05:00"},{"value":"11.1","qualifiers":["P"],"dateTime":"2018-04-12T15:30:00.000-05:00"},{"value":"11.4","qualifiers":["P"],"dateTime":"2018-04-12T15:45:00.000-05:00"},{"value":"11.5","qualifiers":["P"],"dateTime":"2018-04-12T16:00:00.000-05:00"},{"value":"11.4","qualifiers":["P"],"dateTime":"2018-04-12T16:15:00.000-05:00"},{"value":"11.7","qualifiers":["P"],"dateTime":"2018-04-12T16:30:00.000-05:00"},{"value":"11.6","qualifiers":["P"],"dateTime":"2018-04-12T16:45:00.000-05:00"},{"value":"11.4","qualifiers":["P"],"dateTime":"2018-04-12T17:00:00.000-05:00"},{"value":"11.6","qualifiers":["P"],"dateTime":"2018-04-12T17:15:00.000-05:00"},{"value":"11.7","qualifiers":["P"],"dateTime":"2018-04-12T17:30:00.000-05:00"},{"value":"11.5","qualifiers":["P"],"dateTime":"2018-04-12T17:45:00.000-05:00"}],"qualifier":[{"qualifierCode":"P","qualifierDescription":"Provisional
        data subject to revision.","qualifierID":0,"network":"NWIS","vocabulary":"uv_rmk_cd"}],"qualityControlLevel":[],"method":[{"methodDescription":"1.0
        ft from riverbed (bottom)","methodID":69931}],"source":[],"offset":[],"sample":[],"censorCode":[]},{"value":[{"value":"10.3","qualifiers":["P"],"dateTime":"2018-04-11T18:45:00.000-05:00"},{"value":"10.2","qualifiers":["P"],"dateTime":"2018-04-11T19:00:00.000-05:00"},{"value":"10.2","qualifiers":["P"],"dateTime":"2018-04-11T19:15:00.000-05:00"},{"value":"10.2","qualifiers":["P"],"dateTime":"2018-04-11T19:30:00.000-05:00"},{"value":"10.1","qualifiers":["P"],"dateTime":"2018-04-11T19:45:00.000-05:00"},{"value":"10.1","qualifiers":["P"],"dateTime":"2018-04-11T20:00:00.000-05:00"},{"value":"10.0","qualifiers":["P"],"dateTime":"2018-04-11T20:15:00.000-05:00"},{"value":"10.0","qualifiers":["P"],"dateTime":"2018-04-11T20:30:00.000-05:00"},{"value":"10.0","qualifiers":["P"],"dateTime":"2018-04-11T20:45:00.000-05:00"},{"value":"9.9","qualifiers":["P"],"dateTime":"2018-04-11T21:00:00.000-05:00"},{"value":"9.9","qualifiers":["P"],"dateTime":"2018-04-11T21:15:00.000-05:00"},{"value":"9.9","qualifiers":["P"],"dateTime":"2018-04-11T21:30:00.000-05:00"},{"value":"9.9","qualifiers":["P"],"dateTime":"2018-04-11T21:45:00.000-05:00"},{"value":"9.9","qualifiers":["P"],"dateTime":"2018-04-11T22:00:00.000-05:00"},{"value":"9.9","qualifiers":["P"],"dateTime":"2018-04-11T22:15:00.000-05:00"},{"value":"9.9","qualifiers":["P"],"dateTime":"2018-04-11T22:30:00.000-05:00"},{"value":"9.9","qualifiers":["P"],"dateTime":"2018-04-11T22:45:00.000-05:00"},{"value":"9.9","qualifiers":["P"],"dateTime":"2018-04-11T23:00:00.000-05:00"},{"value":"9.9","qualifiers":["P"],"dateTime":"2018-04-11T23:15:00.000-05:00"},{"value":"10.0","qualifiers":["P"],"dateTime":"2018-04-11T23:30:00.000-05:00"},{"value":"10.0","qualifiers":["P"],"dateTime":"2018-04-11T23:45:00.000-05:00"},{"value":"10.0","qualifiers":["P"],"dateTime":"2018-04-12T00:00:00.000-05:00"},{"value":"10.0","qualifiers":["P"],"dateTime":"2018-04-12T00:15:00.000-05:00"},{"value":"10.0","qualifiers":["P"],"dateTime":"2018-04-12T00:30:00.000-05:00"},{"value":"10.1","qualifiers":["P"],"dateTime":"2018-04-12T00:45:00.000-05:00"},{"value":"10.1","qualifiers":["P"],"dateTime":"2018-04-12T01:00:00.000-05:00"},{"value":"10.1","qualifiers":["P"],"dateTime":"2018-04-12T01:15:00.000-05:00"},{"value":"10.1","qualifiers":["P"],"dateTime":"2018-04-12T01:30:00.000-05:00"},{"value":"10.1","qualifiers":["P"],"dateTime":"2018-04-12T01:45:00.000-05:00"},{"value":"10.1","qualifiers":["P"],"dateTime":"2018-04-12T02:00:00.000-05:00"},{"value":"10.2","qualifiers":["P"],"dateTime":"2018-04-12T02:15:00.000-05:00"},{"value":"10.2","qualifiers":["P"],"dateTime":"2018-04-12T02:30:00.000-05:00"},{"value":"10.2","qualifiers":["P"],"dateTime":"2018-04-12T02:45:00.000-05:00"},{"value":"10.2","qualifiers":["P"],"dateTime":"2018-04-12T03:00:00.000-05:00"},{"value":"10.2","qualifiers":["P"],"dateTime":"2018-04-12T03:15:00.000-05:00"},{"value":"10.2","qualifiers":["P"],"dateTime":"2018-04-12T03:30:00.000-05:00"},{"value":"10.2","qualifiers":["P"],"dateTime":"2018-04-12T03:45:00.000-05:00"},{"value":"10.2","qualifiers":["P"],"dateTime":"2018-04-12T04:00:00.000-05:00"},{"value":"10.2","qualifiers":["P"],"dateTime":"2018-04-12T04:15:00.000-05:00"},{"value":"10.2","qualifiers":["P"],"dateTime":"2018-04-12T04:30:00.000-05:00"},{"value":"10.2","qualifiers":["P"],"dateTime":"2018-04-12T04:45:00.000-05:00"},{"value":"10.2","qualifiers":["P"],"dateTime":"2018-04-12T05:00:00.000-05:00"},{"value":"10.2","qualifiers":["P"],"dateTime":"2018-04-12T05:15:00.000-05:00"},{"value":"10.2","qualifiers":["P"],"dateTime":"2018-04-12T05:30:00.000-05:00"},{"value":"10.2","qualifiers":["P"],"dateTime":"2018-04-12T05:45:00.000-05:00"},{"value":"10.2","qualifiers":["P"],"dateTime":"2018-04-12T06:00:00.000-05:00"},{"value":"10.2","qualifiers":["P"],"dateTime":"2018-04-12T06:15:00.000-05:00"},{"value":"10.2","qualifiers":["P"],"dateTime":"2018-04-12T06:30:00.000-05:00"},{"value":"10.2","qualifiers":["P"],"dateTime":"2018-04-12T06:45:00.000-05:00"},{"value":"10.2","qualifiers":["P"],"dateTime":"2018-04-12T07:00:00.000-05:00"},{"value":"10.2","qualifiers":["P"],"dateTime":"2018-04-12T07:15:00.000-05:00"},{"value":"10.2","qualifiers":["P"],"dateTime":"2018-04-12T07:30:00.000-05:00"},{"value":"10.2","qualifiers":["P"],"dateTime":"2018-04-12T07:45:00.000-05:00"},{"value":"10.2","qualifiers":["P"],"dateTime":"2018-04-12T08:00:00.000-05:00"},{"value":"10.2","qualifiers":["P"],"dateTime":"2018-04-12T08:15:00.000-05:00"},{"value":"10.2","qualifiers":["P"],"dateTime":"2018-04-12T08:30:00.000-05:00"},{"value":"10.2","qualifiers":["P"],"dateTime":"2018-04-12T08:45:00.000-05:00"},{"value":"10.2","qualifiers":["P"],"dateTime":"2018-04-12T09:00:00.000-05:00"},{"value":"10.2","qualifiers":["P"],"dateTime":"2018-04-12T09:15:00.000-05:00"},{"value":"10.3","qualifiers":["P"],"dateTime":"2018-04-12T09:30:00.000-05:00"},{"value":"10.2","qualifiers":["P"],"dateTime":"2018-04-12T09:45:00.000-05:00"},{"value":"10.3","qualifiers":["P"],"dateTime":"2018-04-12T10:00:00.000-05:00"},{"value":"10.3","qualifiers":["P"],"dateTime":"2018-04-12T10:15:00.000-05:00"},{"value":"10.3","qualifiers":["P"],"dateTime":"2018-04-12T10:30:00.000-05:00"},{"value":"10.3","qualifiers":["P"],"dateTime":"2018-04-12T10:45:00.000-05:00"},{"value":"10.3","qualifiers":["P"],"dateTime":"2018-04-12T11:00:00.000-05:00"},{"value":"10.4","qualifiers":["P"],"dateTime":"2018-04-12T11:15:00.000-05:00"},{"value":"10.4","qualifiers":["P"],"dateTime":"2018-04-12T11:30:00.000-05:00"},{"value":"10.5","qualifiers":["P"],"dateTime":"2018-04-12T11:45:00.000-05:00"},{"value":"10.6","qualifiers":["P"],"dateTime":"2018-04-12T12:00:00.000-05:00"},{"value":"10.6","qualifiers":["P"],"dateTime":"2018-04-12T12:15:00.000-05:00"},{"value":"10.7","qualifiers":["P"],"dateTime":"2018-04-12T12:30:00.000-05:00"},{"value":"10.8","qualifiers":["P"],"dateTime":"2018-04-12T12:45:00.000-05:00"},{"value":"10.8","qualifiers":["P"],"dateTime":"2018-04-12T13:00:00.000-05:00"},{"value":"10.8","qualifiers":["P"],"dateTime":"2018-04-12T13:15:00.000-05:00"},{"value":"11.0","qualifiers":["P"],"dateTime":"2018-04-12T13:30:00.000-05:00"},{"value":"11.0","qualifiers":["P"],"dateTime":"2018-04-12T13:45:00.000-05:00"},{"value":"11.1","qualifiers":["P"],"dateTime":"2018-04-12T14:00:00.000-05:00"},{"value":"11.2","qualifiers":["P"],"dateTime":"2018-04-12T14:15:00.000-05:00"},{"value":"11.3","qualifiers":["P"],"dateTime":"2018-04-12T14:30:00.000-05:00"},{"value":"11.4","qualifiers":["P"],"dateTime":"2018-04-12T14:45:00.000-05:00"},{"value":"11.5","qualifiers":["P"],"dateTime":"2018-04-12T15:00:00.000-05:00"},{"value":"11.6","qualifiers":["P"],"dateTime":"2018-04-12T15:15:00.000-05:00"},{"value":"11.7","qualifiers":["P"],"dateTime":"2018-04-12T15:30:00.000-05:00"},{"value":"11.7","qualifiers":["P"],"dateTime":"2018-04-12T15:45:00.000-05:00"},{"value":"11.8","qualifiers":["P"],"dateTime":"2018-04-12T16:00:00.000-05:00"},{"value":"11.8","qualifiers":["P"],"dateTime":"2018-04-12T16:15:00.000-05:00"},{"value":"11.9","qualifiers":["P"],"dateTime":"2018-04-12T16:30:00.000-05:00"},{"value":"11.8","qualifiers":["P"],"dateTime":"2018-04-12T16:45:00.000-05:00"},{"value":"11.8","qualifiers":["P"],"dateTime":"2018-04-12T17:00:00.000-05:00"},{"value":"11.8","qualifiers":["P"],"dateTime":"2018-04-12T17:15:00.000-05:00"},{"value":"11.7","qualifiers":["P"],"dateTime":"2018-04-12T17:30:00.000-05:00"},{"value":"11.7","qualifiers":["P"],"dateTime":"2018-04-12T17:45:00.000-05:00"}],"qualifier":[{"qualifierCode":"P","qualifierDescription":"Provisional
        data subject to revision.","qualifierID":0,"network":"NWIS","vocabulary":"uv_rmk_cd"}],"qualityControlLevel":[],"method":[{"methodDescription":"7.1
        ft from riverbed (top)","methodID":69932}],"source":[],"offset":[],"sample":[],"censorCode":[]},{"value":[],"qualifier":[],"qualityControlLevel":[],"method":[{"methodDescription":"From
        multiparameter sonde","methodID":69942}],"source":[],"offset":[],"sample":[],"censorCode":[]}],"name":"USGS:01646500:00010:00000"},{"sourceInfo":{"siteName":"POTOMAC
        RIVER NEAR WASH, DC LITTLE FALLS PUMP STA","siteCode":[{"value":"01646500","network":"NWIS","agencyCode":"USGS"}],"timeZoneInfo":{"defaultTimeZone":{"zoneOffset":"-05:00","zoneAbbreviation":"EST"},"daylightSavingsTimeZone":{"zoneOffset":"-04:00","zoneAbbreviation":"EDT"},"siteUsesDaylightSavingsTime":false},"geoLocation":{"geogLocation":{"srs":"EPSG:4326","latitude":38.94977778,"longitude":-77.12763889},"localSiteXY":[]},"note":[],"siteType":[],"siteProperty":[{"value":"ST","name":"siteTypeCd"},{"value":"02070008","name":"hucCd"},{"value":"24","name":"stateCd"},{"value":"24031","name":"countyCd"}]},"variable":{"variableCode":[{"value":"00060","network":"NWIS","vocabulary":"NWIS:UnitValues","variableID":45807197,"default":true}],"variableName":"Streamflow,
        ft&#179;/s","variableDescription":"Discharge, cubic feet per second","valueType":"Derived
        Value","unit":{"unitCode":"ft3/s"},"options":{"option":[{"name":"Statistic","optionCode":"00000"}]},"note":[],"noDataValue":-999999.0,"variableProperty":[],"oid":"45807197"},"values":[{"value":[{"value":"12200","qualifiers":["P"],"dateTime":"2018-04-11T18:45:00.000-05:00"},{"value":"12200","qualifiers":["P"],"dateTime":"2018-04-11T19:00:00.000-05:00"},{"value":"12200","qualifiers":["P"],"dateTime":"2018-04-11T19:15:00.000-05:00"},{"value":"12200","qualifiers":["P"],"dateTime":"2018-04-11T19:30:00.000-05:00"},{"value":"12200","qualifiers":["P"],"dateTime":"2018-04-11T19:45:00.000-05:00"},{"value":"12100","qualifiers":["P"],"dateTime":"2018-04-11T20:00:00.000-05:00"},{"value":"12100","qualifiers":["P"],"dateTime":"2018-04-11T20:15:00.000-05:00"},{"value":"12100","qualifiers":["P"],"dateTime":"2018-04-11T20:30:00.000-05:00"},{"value":"12100","qualifiers":["P"],"dateTime":"2018-04-11T20:45:00.000-05:00"},{"value":"12100","qualifiers":["P"],"dateTime":"2018-04-11T21:00:00.000-05:00"},{"value":"12100","qualifiers":["P"],"dateTime":"2018-04-11T21:15:00.000-05:00"},{"value":"12100","qualifiers":["P"],"dateTime":"2018-04-11T21:30:00.000-05:00"},{"value":"12000","qualifiers":["P"],"dateTime":"2018-04-11T21:45:00.000-05:00"},{"value":"12100","qualifiers":["P"],"dateTime":"2018-04-11T22:00:00.000-05:00"},{"value":"12000","qualifiers":["P"],"dateTime":"2018-04-11T22:15:00.000-05:00"},{"value":"12000","qualifiers":["P"],"dateTime":"2018-04-11T22:30:00.000-05:00"},{"value":"12000","qualifiers":["P"],"dateTime":"2018-04-11T22:45:00.000-05:00"},{"value":"12000","qualifiers":["P"],"dateTime":"2018-04-11T23:00:00.000-05:00"},{"value":"12000","qualifiers":["P"],"dateTime":"2018-04-11T23:15:00.000-05:00"},{"value":"12000","qualifiers":["P"],"dateTime":"2018-04-11T23:30:00.000-05:00"},{"value":"11900","qualifiers":["P"],"dateTime":"2018-04-11T23:45:00.000-05:00"},{"value":"12000","qualifiers":["P"],"dateTime":"2018-04-12T00:00:00.000-05:00"},{"value":"11900","qualifiers":["P"],"dateTime":"2018-04-12T00:15:00.000-05:00"},{"value":"11900","qualifiers":["P"],"dateTime":"2018-04-12T00:30:00.000-05:00"},{"value":"11900","qualifiers":["P"],"dateTime":"2018-04-12T00:45:00.000-05:00"},{"value":"11900","qualifiers":["P"],"dateTime":"2018-04-12T01:00:00.000-05:00"},{"value":"11900","qualifiers":["P"],"dateTime":"2018-04-12T01:15:00.000-05:00"},{"value":"11900","qualifiers":["P"],"dateTime":"2018-04-12T01:30:00.000-05:00"},{"value":"11800","qualifiers":["P"],"dateTime":"2018-04-12T01:45:00.000-05:00"},{"value":"11800","qualifiers":["P"],"dateTime":"2018-04-12T02:00:00.000-05:00"},{"value":"11800","qualifiers":["P"],"dateTime":"2018-04-12T02:15:00.000-05:00"},{"value":"11800","qualifiers":["P"],"dateTime":"2018-04-12T02:30:00.000-05:00"},{"value":"11800","qualifiers":["P"],"dateTime":"2018-04-12T02:45:00.000-05:00"},{"value":"11800","qualifiers":["P"],"dateTime":"2018-04-12T03:00:00.000-05:00"},{"value":"11800","qualifiers":["P"],"dateTime":"2018-04-12T03:15:00.000-05:00"},{"value":"11700","qualifiers":["P"],"dateTime":"2018-04-12T03:30:00.000-05:00"},{"value":"11700","qualifiers":["P"],"dateTime":"2018-04-12T03:45:00.000-05:00"},{"value":"11700","qualifiers":["P"],"dateTime":"2018-04-12T04:00:00.000-05:00"},{"value":"11700","qualifiers":["P"],"dateTime":"2018-04-12T04:15:00.000-05:00"},{"value":"11600","qualifiers":["P"],"dateTime":"2018-04-12T04:30:00.000-05:00"},{"value":"11600","qualifiers":["P"],"dateTime":"2018-04-12T04:45:00.000-05:00"},{"value":"11600","qualifiers":["P"],"dateTime":"2018-04-12T05:00:00.000-05:00"},{"value":"11600","qualifiers":["P"],"dateTime":"2018-04-12T05:15:00.000-05:00"},{"value":"11700","qualifiers":["P"],"dateTime":"2018-04-12T05:30:00.000-05:00"},{"value":"11600","qualifiers":["P"],"dateTime":"2018-04-12T05:45:00.000-05:00"},{"value":"11600","qualifiers":["P"],"dateTime":"2018-04-12T06:00:00.000-05:00"},{"value":"11600","qualifiers":["P"],"dateTime":"2018-04-12T06:15:00.000-05:00"},{"value":"11600","qualifiers":["P"],"dateTime":"2018-04-12T06:30:00.000-05:00"},{"value":"11500","qualifiers":["P"],"dateTime":"2018-04-12T06:45:00.000-05:00"},{"value":"11500","qualifiers":["P"],"dateTime":"2018-04-12T07:00:00.000-05:00"},{"value":"11500","qualifiers":["P"],"dateTime":"2018-04-12T07:15:00.000-05:00"},{"value":"11500","qualifiers":["P"],"dateTime":"2018-04-12T07:30:00.000-05:00"},{"value":"11500","qualifiers":["P"],"dateTime":"2018-04-12T07:45:00.000-05:00"},{"value":"11500","qualifiers":["P"],"dateTime":"2018-04-12T08:00:00.000-05:00"},{"value":"11500","qualifiers":["P"],"dateTime":"2018-04-12T08:15:00.000-05:00"},{"value":"11500","qualifiers":["P"],"dateTime":"2018-04-12T08:30:00.000-05:00"},{"value":"11500","qualifiers":["P"],"dateTime":"2018-04-12T08:45:00.000-05:00"},{"value":"11400","qualifiers":["P"],"dateTime":"2018-04-12T09:00:00.000-05:00"},{"value":"11400","qualifiers":["P"],"dateTime":"2018-04-12T09:15:00.000-05:00"},{"value":"11400","qualifiers":["P"],"dateTime":"2018-04-12T09:30:00.000-05:00"},{"value":"11400","qualifiers":["P"],"dateTime":"2018-04-12T09:45:00.000-05:00"},{"value":"11300","qualifiers":["P"],"dateTime":"2018-04-12T10:00:00.000-05:00"},{"value":"11300","qualifiers":["P"],"dateTime":"2018-04-12T10:15:00.000-05:00"},{"value":"11300","qualifiers":["P"],"dateTime":"2018-04-12T10:30:00.000-05:00"},{"value":"11300","qualifiers":["P"],"dateTime":"2018-04-12T10:45:00.000-05:00"},{"value":"11300","qualifiers":["P"],"dateTime":"2018-04-12T11:00:00.000-05:00"},{"value":"11300","qualifiers":["P"],"dateTime":"2018-04-12T11:15:00.000-05:00"},{"value":"11300","qualifiers":["P"],"dateTime":"2018-04-12T11:30:00.000-05:00"},{"value":"11200","qualifiers":["P"],"dateTime":"2018-04-12T11:45:00.000-05:00"},{"value":"11300","qualifiers":["P"],"dateTime":"2018-04-12T12:00:00.000-05:00"},{"value":"11300","qualifiers":["P"],"dateTime":"2018-04-12T12:15:00.000-05:00"},{"value":"11300","qualifiers":["P"],"dateTime":"2018-04-12T12:30:00.000-05:00"},{"value":"11300","qualifiers":["P"],"dateTime":"2018-04-12T12:45:00.000-05:00"},{"value":"11300","qualifiers":["P"],"dateTime":"2018-04-12T13:00:00.000-05:00"},{"value":"11300","qualifiers":["P"],"dateTime":"2018-04-12T13:15:00.000-05:00"},{"value":"11400","qualifiers":["P"],"dateTime":"2018-04-12T13:30:00.000-05:00"},{"value":"11300","qualifiers":["P"],"dateTime":"2018-04-12T13:45:00.000-05:00"},{"value":"11300","qualifiers":["P"],"dateTime":"2018-04-12T14:00:00.000-05:00"},{"value":"11200","qualifiers":["P"],"dateTime":"2018-04-12T14:15:00.000-05:00"},{"value":"11300","qualifiers":["P"],"dateTime":"2018-04-12T14:30:00.000-05:00"},{"value":"11200","qualifiers":["P"],"dateTime":"2018-04-12T14:45:00.000-05:00"},{"value":"11200","qualifiers":["P"],"dateTime":"2018-04-12T15:00:00.000-05:00"},{"value":"11100","qualifiers":["P"],"dateTime":"2018-04-12T15:15:00.000-05:00"},{"value":"11200","qualifiers":["P"],"dateTime":"2018-04-12T15:30:00.000-05:00"},{"value":"11200","qualifiers":["P"],"dateTime":"2018-04-12T15:45:00.000-05:00"},{"value":"11200","qualifiers":["P"],"dateTime":"2018-04-12T16:00:00.000-05:00"},{"value":"11300","qualifiers":["P"],"dateTime":"2018-04-12T16:15:00.000-05:00"},{"value":"11200","qualifiers":["P"],"dateTime":"2018-04-12T16:30:00.000-05:00"},{"value":"11200","qualifiers":["P"],"dateTime":"2018-04-12T16:45:00.000-05:00"},{"value":"11300","qualifiers":["P"],"dateTime":"2018-04-12T17:00:00.000-05:00"},{"value":"11200","qualifiers":["P"],"dateTime":"2018-04-12T17:15:00.000-05:00"},{"value":"11100","qualifiers":["P"],"dateTime":"2018-04-12T17:30:00.000-05:00"},{"value":"11200","qualifiers":["P"],"dateTime":"2018-04-12T17:45:00.000-05:00"}],"qualifier":[{"qualifierCode":"P","qualifierDescription":"Provisional
        data subject to revision.","qualifierID":0,"network":"NWIS","vocabulary":"uv_rmk_cd"}],"qualityControlLevel":[],"method":[{"methodDescription":"","methodID":69928}],"source":[],"offset":[],"sample":[],"censorCode":[]}],"name":"USGS:01646500:00060:00000"},{"sourceInfo":{"siteName":"POTOMAC
        RIVER NEAR WASH, DC LITTLE FALLS PUMP STA","siteCode":[{"value":"01646500","network":"NWIS","agencyCode":"USGS"}],"timeZoneInfo":{"defaultTimeZone":{"zoneOffset":"-05:00","zoneAbbreviation":"EST"},"daylightSavingsTimeZone":{"zoneOffset":"-04:00","zoneAbbreviation":"EDT"},"siteUsesDaylightSavingsTime":false},"geoLocation":{"geogLocation":{"srs":"EPSG:4326","latitude":38.94977778,"longitude":-77.12763889},"localSiteXY":[]},"note":[],"siteType":[],"siteProperty":[{"value":"ST","name":"siteTypeCd"},{"value":"02070008","name":"hucCd"},{"value":"24","name":"stateCd"},{"value":"24031","name":"countyCd"}]},"variable":{"variableCode":[{"value":"00065","network":"NWIS","vocabulary":"NWIS:UnitValues","variableID":45807202,"default":true}],"variableName":"Gage
        height, ft","variableDescription":"Gage height, feet","valueType":"Derived
        Value","unit":{"unitCode":"ft"},"options":{"option":[{"name":"Statistic","optionCode":"00000"}]},"note":[],"noDataValue":-999999.0,"variableProperty":[],"oid":"45807202"},"values":[{"value":[{"value":"4.18","qualifiers":["P"],"dateTime":"2018-04-11T18:45:00.000-05:00"},{"value":"4.18","qualifiers":["P"],"dateTime":"2018-04-11T19:00:00.000-05:00"},{"value":"4.18","qualifiers":["P"],"dateTime":"2018-04-11T19:15:00.000-05:00"},{"value":"4.18","qualifiers":["P"],"dateTime":"2018-04-11T19:30:00.000-05:00"},{"value":"4.18","qualifiers":["P"],"dateTime":"2018-04-11T19:45:00.000-05:00"},{"value":"4.17","qualifiers":["P"],"dateTime":"2018-04-11T20:00:00.000-05:00"},{"value":"4.17","qualifiers":["P"],"dateTime":"2018-04-11T20:15:00.000-05:00"},{"value":"4.17","qualifiers":["P"],"dateTime":"2018-04-11T20:30:00.000-05:00"},{"value":"4.17","qualifiers":["P"],"dateTime":"2018-04-11T20:45:00.000-05:00"},{"value":"4.17","qualifiers":["P"],"dateTime":"2018-04-11T21:00:00.000-05:00"},{"value":"4.17","qualifiers":["P"],"dateTime":"2018-04-11T21:15:00.000-05:00"},{"value":"4.17","qualifiers":["P"],"dateTime":"2018-04-11T21:30:00.000-05:00"},{"value":"4.16","qualifiers":["P"],"dateTime":"2018-04-11T21:45:00.000-05:00"},{"value":"4.17","qualifiers":["P"],"dateTime":"2018-04-11T22:00:00.000-05:00"},{"value":"4.16","qualifiers":["P"],"dateTime":"2018-04-11T22:15:00.000-05:00"},{"value":"4.16","qualifiers":["P"],"dateTime":"2018-04-11T22:30:00.000-05:00"},{"value":"4.16","qualifiers":["P"],"dateTime":"2018-04-11T22:45:00.000-05:00"},{"value":"4.16","qualifiers":["P"],"dateTime":"2018-04-11T23:00:00.000-05:00"},{"value":"4.16","qualifiers":["P"],"dateTime":"2018-04-11T23:15:00.000-05:00"},{"value":"4.16","qualifiers":["P"],"dateTime":"2018-04-11T23:30:00.000-05:00"},{"value":"4.15","qualifiers":["P"],"dateTime":"2018-04-11T23:45:00.000-05:00"},{"value":"4.16","qualifiers":["P"],"dateTime":"2018-04-12T00:00:00.000-05:00"},{"value":"4.15","qualifiers":["P"],"dateTime":"2018-04-12T00:15:00.000-05:00"},{"value":"4.15","qualifiers":["P"],"dateTime":"2018-04-12T00:30:00.000-05:00"},{"value":"4.15","qualifiers":["P"],"dateTime":"2018-04-12T00:45:00.000-05:00"},{"value":"4.15","qualifiers":["P"],"dateTime":"2018-04-12T01:00:00.000-05:00"},{"value":"4.15","qualifiers":["P"],"dateTime":"2018-04-12T01:15:00.000-05:00"},{"value":"4.15","qualifiers":["P"],"dateTime":"2018-04-12T01:30:00.000-05:00"},{"value":"4.14","qualifiers":["P"],"dateTime":"2018-04-12T01:45:00.000-05:00"},{"value":"4.14","qualifiers":["P"],"dateTime":"2018-04-12T02:00:00.000-05:00"},{"value":"4.14","qualifiers":["P"],"dateTime":"2018-04-12T02:15:00.000-05:00"},{"value":"4.14","qualifiers":["P"],"dateTime":"2018-04-12T02:30:00.000-05:00"},{"value":"4.14","qualifiers":["P"],"dateTime":"2018-04-12T02:45:00.000-05:00"},{"value":"4.14","qualifiers":["P"],"dateTime":"2018-04-12T03:00:00.000-05:00"},{"value":"4.14","qualifiers":["P"],"dateTime":"2018-04-12T03:15:00.000-05:00"},{"value":"4.13","qualifiers":["P"],"dateTime":"2018-04-12T03:30:00.000-05:00"},{"value":"4.13","qualifiers":["P"],"dateTime":"2018-04-12T03:45:00.000-05:00"},{"value":"4.13","qualifiers":["P"],"dateTime":"2018-04-12T04:00:00.000-05:00"},{"value":"4.13","qualifiers":["P"],"dateTime":"2018-04-12T04:15:00.000-05:00"},{"value":"4.12","qualifiers":["P"],"dateTime":"2018-04-12T04:30:00.000-05:00"},{"value":"4.12","qualifiers":["P"],"dateTime":"2018-04-12T04:45:00.000-05:00"},{"value":"4.12","qualifiers":["P"],"dateTime":"2018-04-12T05:00:00.000-05:00"},{"value":"4.12","qualifiers":["P"],"dateTime":"2018-04-12T05:15:00.000-05:00"},{"value":"4.13","qualifiers":["P"],"dateTime":"2018-04-12T05:30:00.000-05:00"},{"value":"4.12","qualifiers":["P"],"dateTime":"2018-04-12T05:45:00.000-05:00"},{"value":"4.12","qualifiers":["P"],"dateTime":"2018-04-12T06:00:00.000-05:00"},{"value":"4.12","qualifiers":["P"],"dateTime":"2018-04-12T06:15:00.000-05:00"},{"value":"4.12","qualifiers":["P"],"dateTime":"2018-04-12T06:30:00.000-05:00"},{"value":"4.11","qualifiers":["P"],"dateTime":"2018-04-12T06:45:00.000-05:00"},{"value":"4.11","qualifiers":["P"],"dateTime":"2018-04-12T07:00:00.000-05:00"},{"value":"4.11","qualifiers":["P"],"dateTime":"2018-04-12T07:15:00.000-05:00"},{"value":"4.11","qualifiers":["P"],"dateTime":"2018-04-12T07:30:00.000-05:00"},{"value":"4.11","qualifiers":["P"],"dateTime":"2018-04-12T07:45:00.000-05:00"},{"value":"4.11","qualifiers":["P"],"dateTime":"2018-04-12T08:00:00.000-05:00"},{"value":"4.11","qualifiers":["P"],"dateTime":"2018-04-12T08:15:00.000-05:00"},{"value":"4.11","qualifiers":["P"],"dateTime":"2018-04-12T08:30:00.000-05:00"},{"value":"4.11","qualifiers":["P"],"dateTime":"2018-04-12T08:45:00.000-05:00"},{"value":"4.10","qualifiers":["P"],"dateTime":"2018-04-12T09:00:00.000-05:00"},{"value":"4.10","qualifiers":["P"],"dateTime":"2018-04-12T09:15:00.000-05:00"},{"value":"4.10","qualifiers":["P"],"dateTime":"2018-04-12T09:30:00.000-05:00"},{"value":"4.10","qualifiers":["P"],"dateTime":"2018-04-12T09:45:00.000-05:00"},{"value":"4.09","qualifiers":["P"],"dateTime":"2018-04-12T10:00:00.000-05:00"},{"value":"4.09","qualifiers":["P"],"dateTime":"2018-04-12T10:15:00.000-05:00"},{"value":"4.09","qualifiers":["P"],"dateTime":"2018-04-12T10:30:00.000-05:00"},{"value":"4.09","qualifiers":["P"],"dateTime":"2018-04-12T10:45:00.000-05:00"},{"value":"4.09","qualifiers":["P"],"dateTime":"2018-04-12T11:00:00.000-05:00"},{"value":"4.09","qualifiers":["P"],"dateTime":"2018-04-12T11:15:00.000-05:00"},{"value":"4.09","qualifiers":["P"],"dateTime":"2018-04-12T11:30:00.000-05:00"},{"value":"4.08","qualifiers":["P"],"dateTime":"2018-04-12T11:45:00.000-05:00"},{"value":"4.09","qualifiers":["P"],"dateTime":"2018-04-12T12:00:00.000-05:00"},{"value":"4.09","qualifiers":["P"],"dateTime":"2018-04-12T12:15:00.000-05:00"},{"value":"4.09","qualifiers":["P"],"dateTime":"2018-04-12T12:30:00.000-05:00"},{"value":"4.09","qualifiers":["P"],"dateTime":"2018-04-12T12:45:00.000-05:00"},{"value":"4.09","qualifiers":["P"],"dateTime":"2018-04-12T13:00:00.000-05:00"},{"value":"4.09","qualifiers":["P"],"dateTime":"2018-04-12T13:15:00.000-05:00"},{"value":"4.10","qualifiers":["P"],"dateTime":"2018-04-12T13:30:00.000-05:00"},{"value":"4.09","qualifiers":["P"],"dateTime":"2018-04-12T13:45:00.000-05:00"},{"value":"4.09","qualifiers":["P"],"dateTime":"2018-04-12T14:00:00.000-05:00"},{"value":"4.08","qualifiers":["P"],"dateTime":"2018-04-12T14:15:00.000-05:00"},{"value":"4.09","qualifiers":["P"],"dateTime":"2018-04-12T14:30:00.000-05:00"},{"value":"4.08","qualifiers":["P"],"dateTime":"2018-04-12T14:45:00.000-05:00"},{"value":"4.08","qualifiers":["P"],"dateTime":"2018-04-12T15:00:00.000-05:00"},{"value":"4.07","qualifiers":["P"],"dateTime":"2018-04-12T15:15:00.000-05:00"},{"value":"4.08","qualifiers":["P"],"dateTime":"2018-04-12T15:30:00.000-05:00"},{"value":"4.08","qualifiers":["P"],"dateTime":"2018-04-12T15:45:00.000-05:00"},{"value":"4.08","qualifiers":["P"],"dateTime":"2018-04-12T16:00:00.000-05:00"},{"value":"4.09","qualifiers":["P"],"dateTime":"2018-04-12T16:15:00.000-05:00"},{"value":"4.08","qualifiers":["P"],"dateTime":"2018-04-12T16:30:00.000-05:00"},{"value":"4.08","qualifiers":["P"],"dateTime":"2018-04-12T16:45:00.000-05:00"},{"value":"4.09","qualifiers":["P"],"dateTime":"2018-04-12T17:00:00.000-05:00"},{"value":"4.08","qualifiers":["P"],"dateTime":"2018-04-12T17:15:00.000-05:00"},{"value":"4.07","qualifiers":["P"],"dateTime":"2018-04-12T17:30:00.000-05:00"},{"value":"4.08","qualifiers":["P"],"dateTime":"2018-04-12T17:45:00.000-05:00"}],"qualifier":[{"qualifierCode":"P","qualifierDescription":"Provisional
        data subject to revision.","qualifierID":0,"network":"NWIS","vocabulary":"uv_rmk_cd"}],"qualityControlLevel":[],"method":[{"methodDescription":"","methodID":69929}],"source":[],"offset":[],"sample":[],"censorCode":[]}],"name":"USGS:01646500:00065:00000"},{"sourceInfo":{"siteName":"POTOMAC
        RIVER NEAR WASH, DC LITTLE FALLS PUMP STA","siteCode":[{"value":"01646500","network":"NWIS","agencyCode":"USGS"}],"timeZoneInfo":{"defaultTimeZone":{"zoneOffset":"-05:00","zoneAbbreviation":"EST"},"daylightSavingsTimeZone":{"zoneOffset":"-04:00","zoneAbbreviation":"EDT"},"siteUsesDaylightSavingsTime":false},"geoLocation":{"geogLocation":{"srs":"EPSG:4326","latitude":38.94977778,"longitude":-77.12763889},"localSiteXY":[]},"note":[],"siteType":[],"siteProperty":[{"value":"ST","name":"siteTypeCd"},{"value":"02070008","name":"hucCd"},{"value":"24","name":"stateCd"},{"value":"24031","name":"countyCd"}]},"variable":{"variableCode":[{"value":"00095","network":"NWIS","vocabulary":"NWIS:UnitValues","variableID":45807295,"default":true}],"variableName":"Specific
        conductance, water, unfiltered, microsiemens per centimeter at 25&#176;C","variableDescription":"Specific
        conductance, water, unfiltered, microsiemens per centimeter at 25 degrees
        Celsius","valueType":"Derived Value","unit":{"unitCode":"uS/cm @25C"},"options":{"option":[{"name":"Statistic","optionCode":"00000"}]},"note":[],"noDataValue":-999999.0,"variableProperty":[],"oid":"45807295"},"values":[{"value":[{"value":"258","qualifiers":["P"],"dateTime":"2018-04-11T18:45:00.000-05:00"},{"value":"258","qualifiers":["P"],"dateTime":"2018-04-11T19:00:00.000-05:00"},{"value":"258","qualifiers":["P"],"dateTime":"2018-04-11T19:15:00.000-05:00"},{"value":"258","qualifiers":["P"],"dateTime":"2018-04-11T19:30:00.000-05:00"},{"value":"258","qualifiers":["P"],"dateTime":"2018-04-11T19:45:00.000-05:00"},{"value":"258","qualifiers":["P"],"dateTime":"2018-04-11T20:00:00.000-05:00"},{"value":"258","qualifiers":["P"],"dateTime":"2018-04-11T20:15:00.000-05:00"},{"value":"258","qualifiers":["P"],"dateTime":"2018-04-11T20:30:00.000-05:00"},{"value":"258","qualifiers":["P"],"dateTime":"2018-04-11T20:45:00.000-05:00"},{"value":"258","qualifiers":["P"],"dateTime":"2018-04-11T21:00:00.000-05:00"},{"value":"258","qualifiers":["P"],"dateTime":"2018-04-11T21:15:00.000-05:00"},{"value":"258","qualifiers":["P"],"dateTime":"2018-04-11T21:30:00.000-05:00"},{"value":"258","qualifiers":["P"],"dateTime":"2018-04-11T21:45:00.000-05:00"},{"value":"258","qualifiers":["P"],"dateTime":"2018-04-11T22:00:00.000-05:00"},{"value":"258","qualifiers":["P"],"dateTime":"2018-04-11T22:15:00.000-05:00"},{"value":"258","qualifiers":["P"],"dateTime":"2018-04-11T22:30:00.000-05:00"},{"value":"258","qualifiers":["P"],"dateTime":"2018-04-11T22:45:00.000-05:00"},{"value":"258","qualifiers":["P"],"dateTime":"2018-04-11T23:00:00.000-05:00"},{"value":"258","qualifiers":["P"],"dateTime":"2018-04-11T23:15:00.000-05:00"},{"value":"258","qualifiers":["P"],"dateTime":"2018-04-11T23:30:00.000-05:00"},{"value":"258","qualifiers":["P"],"dateTime":"2018-04-11T23:45:00.000-05:00"},{"value":"259","qualifiers":["P"],"dateTime":"2018-04-12T00:00:00.000-05:00"},{"value":"259","qualifiers":["P"],"dateTime":"2018-04-12T00:15:00.000-05:00"},{"value":"259","qualifiers":["P"],"dateTime":"2018-04-12T00:30:00.000-05:00"},{"value":"259","qualifiers":["P"],"dateTime":"2018-04-12T00:45:00.000-05:00"},{"value":"259","qualifiers":["P"],"dateTime":"2018-04-12T01:00:00.000-05:00"},{"value":"259","qualifiers":["P"],"dateTime":"2018-04-12T01:15:00.000-05:00"},{"value":"259","qualifiers":["P"],"dateTime":"2018-04-12T01:30:00.000-05:00"},{"value":"259","qualifiers":["P"],"dateTime":"2018-04-12T01:45:00.000-05:00"},{"value":"259","qualifiers":["P"],"dateTime":"2018-04-12T02:00:00.000-05:00"},{"value":"259","qualifiers":["P"],"dateTime":"2018-04-12T02:15:00.000-05:00"},{"value":"259","qualifiers":["P"],"dateTime":"2018-04-12T02:30:00.000-05:00"},{"value":"259","qualifiers":["P"],"dateTime":"2018-04-12T02:45:00.000-05:00"},{"value":"259","qualifiers":["P"],"dateTime":"2018-04-12T03:00:00.000-05:00"},{"value":"259","qualifiers":["P"],"dateTime":"2018-04-12T03:15:00.000-05:00"},{"value":"259","qualifiers":["P"],"dateTime":"2018-04-12T03:30:00.000-05:00"},{"value":"259","qualifiers":["P"],"dateTime":"2018-04-12T03:45:00.000-05:00"},{"value":"259","qualifiers":["P"],"dateTime":"2018-04-12T04:00:00.000-05:00"},{"value":"259","qualifiers":["P"],"dateTime":"2018-04-12T04:15:00.000-05:00"},{"value":"259","qualifiers":["P"],"dateTime":"2018-04-12T04:30:00.000-05:00"},{"value":"259","qualifiers":["P"],"dateTime":"2018-04-12T04:45:00.000-05:00"},{"value":"259","qualifiers":["P"],"dateTime":"2018-04-12T05:00:00.000-05:00"},{"value":"260","qualifiers":["P"],"dateTime":"2018-04-12T05:15:00.000-05:00"},{"value":"260","qualifiers":["P"],"dateTime":"2018-04-12T05:30:00.000-05:00"},{"value":"260","qualifiers":["P"],"dateTime":"2018-04-12T05:45:00.000-05:00"},{"value":"260","qualifiers":["P"],"dateTime":"2018-04-12T06:00:00.000-05:00"},{"value":"260","qualifiers":["P"],"dateTime":"2018-04-12T06:15:00.000-05:00"},{"value":"260","qualifiers":["P"],"dateTime":"2018-04-12T06:30:00.000-05:00"},{"value":"260","qualifiers":["P"],"dateTime":"2018-04-12T06:45:00.000-05:00"},{"value":"260","qualifiers":["P"],"dateTime":"2018-04-12T07:00:00.000-05:00"},{"value":"260","qualifiers":["P"],"dateTime":"2018-04-12T07:15:00.000-05:00"},{"value":"260","qualifiers":["P"],"dateTime":"2018-04-12T07:30:00.000-05:00"},{"value":"260","qualifiers":["P"],"dateTime":"2018-04-12T07:45:00.000-05:00"},{"value":"261","qualifiers":["P"],"dateTime":"2018-04-12T08:00:00.000-05:00"},{"value":"261","qualifiers":["P"],"dateTime":"2018-04-12T08:15:00.000-05:00"},{"value":"261","qualifiers":["P"],"dateTime":"2018-04-12T08:30:00.000-05:00"},{"value":"261","qualifiers":["P"],"dateTime":"2018-04-12T08:45:00.000-05:00"},{"value":"261","qualifiers":["P"],"dateTime":"2018-04-12T09:00:00.000-05:00"},{"value":"261","qualifiers":["P"],"dateTime":"2018-04-12T09:15:00.000-05:00"},{"value":"261","qualifiers":["P"],"dateTime":"2018-04-12T09:30:00.000-05:00"},{"value":"261","qualifiers":["P"],"dateTime":"2018-04-12T09:45:00.000-05:00"},{"value":"262","qualifiers":["P"],"dateTime":"2018-04-12T10:00:00.000-05:00"},{"value":"261","qualifiers":["P"],"dateTime":"2018-04-12T10:15:00.000-05:00"},{"value":"262","qualifiers":["P"],"dateTime":"2018-04-12T10:30:00.000-05:00"},{"value":"262","qualifiers":["P"],"dateTime":"2018-04-12T10:45:00.000-05:00"},{"value":"262","qualifiers":["P"],"dateTime":"2018-04-12T11:00:00.000-05:00"},{"value":"262","qualifiers":["P"],"dateTime":"2018-04-12T11:15:00.000-05:00"},{"value":"262","qualifiers":["P"],"dateTime":"2018-04-12T11:30:00.000-05:00"},{"value":"262","qualifiers":["P"],"dateTime":"2018-04-12T11:45:00.000-05:00"},{"value":"262","qualifiers":["P"],"dateTime":"2018-04-12T12:00:00.000-05:00"},{"value":"262","qualifiers":["P"],"dateTime":"2018-04-12T12:15:00.000-05:00"},{"value":"263","qualifiers":["P"],"dateTime":"2018-04-12T12:30:00.000-05:00"},{"value":"263","qualifiers":["P"],"dateTime":"2018-04-12T12:45:00.000-05:00"},{"value":"263","qualifiers":["P"],"dateTime":"2018-04-12T13:00:00.000-05:00"},{"value":"263","qualifiers":["P"],"dateTime":"2018-04-12T13:15:00.000-05:00"},{"value":"263","qualifiers":["P"],"dateTime":"2018-04-12T13:30:00.000-05:00"},{"value":"263","qualifiers":["P"],"dateTime":"2018-04-12T13:45:00.000-05:00"},{"value":"263","qualifiers":["P"],"dateTime":"2018-04-12T14:00:00.000-05:00"},{"value":"264","qualifiers":["P"],"dateTime":"2018-04-12T14:15:00.000-05:00"},{"value":"264","qualifiers":["P"],"dateTime":"2018-04-12T14:30:00.000-05:00"},{"value":"263","qualifiers":["P"],"dateTime":"2018-04-12T14:45:00.000-05:00"},{"value":"264","qualifiers":["P"],"dateTime":"2018-04-12T15:00:00.000-05:00"},{"value":"263","qualifiers":["P"],"dateTime":"2018-04-12T15:15:00.000-05:00"},{"value":"264","qualifiers":["P"],"dateTime":"2018-04-12T15:30:00.000-05:00"},{"value":"264","qualifiers":["P"],"dateTime":"2018-04-12T15:45:00.000-05:00"},{"value":"264","qualifiers":["P"],"dateTime":"2018-04-12T16:00:00.000-05:00"},{"value":"264","qualifiers":["P"],"dateTime":"2018-04-12T16:15:00.000-05:00"},{"value":"264","qualifiers":["P"],"dateTime":"2018-04-12T16:30:00.000-05:00"},{"value":"264","qualifiers":["P"],"dateTime":"2018-04-12T16:45:00.000-05:00"},{"value":"264","qualifiers":["P"],"dateTime":"2018-04-12T17:00:00.000-05:00"},{"value":"264","qualifiers":["P"],"dateTime":"2018-04-12T17:15:00.000-05:00"},{"value":"264","qualifiers":["P"],"dateTime":"2018-04-12T17:30:00.000-05:00"},{"value":"264","qualifiers":["P"],"dateTime":"2018-04-12T17:45:00.000-05:00"}],"qualifier":[{"qualifierCode":"P","qualifierDescription":"Provisional
        data subject to revision.","qualifierID":0,"network":"NWIS","vocabulary":"uv_rmk_cd"}],"qualityControlLevel":[],"method":[{"methodDescription":"7.1
        ft from riverbed (top)","methodID":69933}],"source":[],"offset":[],"sample":[],"censorCode":[]},{"value":[],"qualifier":[],"qualityControlLevel":[],"method":[{"methodDescription":"From
        multiparameter sonde","methodID":69943}],"source":[],"offset":[],"sample":[],"censorCode":[]}],"name":"USGS:01646500:00095:00000"},{"sourceInfo":{"siteName":"POTOMAC
        RIVER NEAR WASH, DC LITTLE FALLS PUMP STA","siteCode":[{"value":"01646500","network":"NWIS","agencyCode":"USGS"}],"timeZoneInfo":{"defaultTimeZone":{"zoneOffset":"-05:00","zoneAbbreviation":"EST"},"daylightSavingsTimeZone":{"zoneOffset":"-04:00","zoneAbbreviation":"EDT"},"siteUsesDaylightSavingsTime":false},"geoLocation":{"geogLocation":{"srs":"EPSG:4326","latitude":38.94977778,"longitude":-77.12763889},"localSiteXY":[]},"note":[],"siteType":[],"siteProperty":[{"value":"ST","name":"siteTypeCd"},{"value":"02070008","name":"hucCd"},{"value":"24","name":"stateCd"},{"value":"24031","name":"countyCd"}]},"variable":{"variableCode":[{"value":"00300","network":"NWIS","vocabulary":"NWIS:UnitValues","variableID":45809894,"default":true}],"variableName":"Dissolved
        oxygen, water, unfiltered, mg/L","variableDescription":"Dissolved oxygen,
        water, unfiltered, milligrams per liter","valueType":"Derived Value","unit":{"unitCode":"mg/l"},"options":{"option":[{"name":"Statistic","optionCode":"00000"}]},"note":[],"noDataValue":-999999.0,"variableProperty":[],"oid":"45809894"},"values":[{"value":[],"qualifier":[],"qualityControlLevel":[],"method":[{"methodDescription":"From
        multiparameter sonde","methodID":69937}],"source":[],"offset":[],"sample":[],"censorCode":[]}],"name":"USGS:01646500:00300:00000"},{"sourceInfo":{"siteName":"POTOMAC
        RIVER NEAR WASH, DC LITTLE FALLS PUMP STA","siteCode":[{"value":"01646500","network":"NWIS","agencyCode":"USGS"}],"timeZoneInfo":{"defaultTimeZone":{"zoneOffset":"-05:00","zoneAbbreviation":"EST"},"daylightSavingsTimeZone":{"zoneOffset":"-04:00","zoneAbbreviation":"EDT"},"siteUsesDaylightSavingsTime":false},"geoLocation":{"geogLocation":{"srs":"EPSG:4326","latitude":38.94977778,"longitude":-77.12763889},"localSiteXY":[]},"note":[],"siteType":[],"siteProperty":[{"value":"ST","name":"siteTypeCd"},{"value":"02070008","name":"hucCd"},{"value":"24","name":"stateCd"},{"value":"24031","name":"countyCd"}]},"variable":{"variableCode":[{"value":"00400","network":"NWIS","vocabulary":"NWIS:UnitValues","variableID":45810855,"default":true}],"variableName":"pH,
        water, unfiltered, field, standard units","variableDescription":"pH, water,
        unfiltered, field, standard units","valueType":"Derived Value","unit":{"unitCode":"std
        units"},"options":{"option":[{"name":"Statistic","optionCode":"00000"}]},"note":[],"noDataValue":-999999.0,"variableProperty":[],"oid":"45810855"},"values":[{"value":[],"qualifier":[],"qualityControlLevel":[],"method":[{"methodDescription":"From
        multiparameter sonde","methodID":69941}],"source":[],"offset":[],"sample":[],"censorCode":[]}],"name":"USGS:01646500:00400:00000"},{"sourceInfo":{"siteName":"POTOMAC
        RIVER NEAR WASH, DC LITTLE FALLS PUMP STA","siteCode":[{"value":"01646500","network":"NWIS","agencyCode":"USGS"}],"timeZoneInfo":{"defaultTimeZone":{"zoneOffset":"-05:00","zoneAbbreviation":"EST"},"daylightSavingsTimeZone":{"zoneOffset":"-04:00","zoneAbbreviation":"EDT"},"siteUsesDaylightSavingsTime":false},"geoLocation":{"geogLocation":{"srs":"EPSG:4326","latitude":38.94977778,"longitude":-77.12763889},"localSiteXY":[]},"note":[],"siteType":[],"siteProperty":[{"value":"ST","name":"siteTypeCd"},{"value":"02070008","name":"hucCd"},{"value":"24","name":"stateCd"},{"value":"24031","name":"countyCd"}]},"variable":{"variableCode":[{"value":"63680","network":"NWIS","vocabulary":"NWIS:UnitValues","variableID":51443524,"default":true}],"variableName":"Turbidity,
        water, unfiltered, monochrome near infra-red LED light, 780-900 nm, detection
        angle 90 &#177;2.5&#176;, formazin nephelometric units (FNU)","variableDescription":"Turbidity,
        water, unfiltered, monochrome near infra-red LED light, 780-900 nm, detection
        angle 90 +-2.5 degrees, formazin nephelometric units (FNU)","valueType":"Derived
        Value","unit":{"unitCode":"FNU"},"options":{"option":[{"name":"Statistic","optionCode":"00000"}]},"note":[],"noDataValue":-999999.0,"variableProperty":[],"oid":"51443524"},"values":[{"value":[],"qualifier":[],"qualityControlLevel":[],"method":[{"methodDescription":"From
        multiparameter sonde","methodID":69936}],"source":[],"offset":[],"sample":[],"censorCode":[]}],"name":"USGS:01646500:63680:00000"},{"sourceInfo":{"siteName":"POTOMAC
        RIVER NEAR WASH, DC LITTLE FALLS PUMP STA","siteCode":[{"value":"01646500","network":"NWIS","agencyCode":"USGS"}],"timeZoneInfo":{"defaultTimeZone":{"zoneOffset":"-05:00","zoneAbbreviation":"EST"},"daylightSavingsTimeZone":{"zoneOffset":"-04:00","zoneAbbreviation":"EDT"},"siteUsesDaylightSavingsTime":false},"geoLocation":{"geogLocation":{"srs":"EPSG:4326","latitude":38.94977778,"longitude":-77.12763889},"localSiteXY":[]},"note":[],"siteType":[],"siteProperty":[{"value":"ST","name":"siteTypeCd"},{"value":"02070008","name":"hucCd"},{"value":"24","name":"stateCd"},{"value":"24031","name":"countyCd"}]},"variable":{"variableCode":[{"value":"99133","network":"NWIS","vocabulary":"NWIS:UnitValues","variableID":54387876,"default":true}],"variableName":"Nitrate
        plus nitrite, water, in situ, mg/L as N","variableDescription":"Nitrate plus
        nitrite, water, in situ, milligrams per liter as nitrogen","valueType":"Derived
        Value","unit":{"unitCode":"mg/l as N"},"options":{"option":[{"name":"Statistic","optionCode":"00000"}]},"note":[],"noDataValue":-999999.0,"variableProperty":[],"oid":"54387876"},"values":[{"value":[],"qualifier":[],"qualityControlLevel":[],"method":[{"methodDescription":"","methodID":69935}],"source":[],"offset":[],"sample":[],"censorCode":[]}],"name":"USGS:01646500:99133:00000"}]},"nil":false,"globalScope":true,"typeSubstituted":false}'
    http_version: 
  recorded_at: Thu, 12 Apr 2018 23:42:33 GMT
recorded_with: VCR 4.0.0
